<?xml version="1.0" encoding="UTF-8"?>
<testsuites name="jest tests" tests="33" failures="0" errors="0" time="1.751">
  <testsuite name="ValidationUtils" errors="0" failures="0" skipped="0" timestamp="2025-06-12T16:16:51" time="1.35" tests="17">
    <testcase classname="ValidationUtils isValidEmail should return true for valid email addresses" name="ValidationUtils isValidEmail should return true for valid email addresses" time="0.002">
    </testcase>
    <testcase classname="ValidationUtils isValidEmail should return false for invalid email addresses" name="ValidationUtils isValidEmail should return false for invalid email addresses" time="0.001">
    </testcase>
    <testcase classname="ValidationUtils isValidPassword should return true for valid passwords" name="ValidationUtils isValidPassword should return true for valid passwords" time="0">
    </testcase>
    <testcase classname="ValidationUtils isValidPassword should return false for invalid passwords" name="ValidationUtils isValidPassword should return false for invalid passwords" time="0">
    </testcase>
    <testcase classname="ValidationUtils isValidObjectId should return true for valid MongoDB ObjectIds" name="ValidationUtils isValidObjectId should return true for valid MongoDB ObjectIds" time="0">
    </testcase>
    <testcase classname="ValidationUtils isValidObjectId should return false for invalid ObjectIds" name="ValidationUtils isValidObjectId should return false for invalid ObjectIds" time="0">
    </testcase>
    <testcase classname="ValidationUtils sanitizeString should remove dangerous characters and trim whitespace" name="ValidationUtils sanitizeString should remove dangerous characters and trim whitespace" time="0">
    </testcase>
    <testcase classname="ValidationUtils sanitizeString should handle empty strings" name="ValidationUtils sanitizeString should handle empty strings" time="0">
    </testcase>
    <testcase classname="ValidationUtils isValidFileType should return true for allowed file types" name="ValidationUtils isValidFileType should return true for allowed file types" time="0">
    </testcase>
    <testcase classname="ValidationUtils isValidFileType should return false for disallowed file types" name="ValidationUtils isValidFileType should return false for disallowed file types" time="0">
    </testcase>
    <testcase classname="ValidationUtils formatFileSize should format bytes correctly" name="ValidationUtils formatFileSize should format bytes correctly" time="0">
    </testcase>
    <testcase classname="ValidationUtils formatFileSize should handle decimal values" name="ValidationUtils formatFileSize should handle decimal values" time="0">
    </testcase>
    <testcase classname="ValidationUtils isWithinRange should return true for values within range" name="ValidationUtils isWithinRange should return true for values within range" time="0">
    </testcase>
    <testcase classname="ValidationUtils isWithinRange should return false for values outside range" name="ValidationUtils isWithinRange should return false for values outside range" time="0">
    </testcase>
    <testcase classname="ValidationUtils generateRandomString should generate string of correct length" name="ValidationUtils generateRandomString should generate string of correct length" time="0">
    </testcase>
    <testcase classname="ValidationUtils generateRandomString should generate different strings on multiple calls" name="ValidationUtils generateRandomString should generate different strings on multiple calls" time="0">
    </testcase>
    <testcase classname="ValidationUtils generateRandomString should only contain alphanumeric characters" name="ValidationUtils generateRandomString should only contain alphanumeric characters" time="0">
    </testcase>
  </testsuite>
  <testsuite name="Constants" errors="0" failures="0" skipped="0" timestamp="2025-06-12T16:16:51" time="1.353" tests="13">
    <testcase classname="Constants Environment Variables should return default port when PORT env is not set" name="Constants Environment Variables should return default port when PORT env is not set" time="0.001">
    </testcase>
    <testcase classname="Constants Environment Variables should return NODE_ENV value or default" name="Constants Environment Variables should return NODE_ENV value or default" time="0">
    </testcase>
    <testcase classname="Constants Environment Variables should return default MONGODB_URI when not set" name="Constants Environment Variables should return default MONGODB_URI when not set" time="0.001">
    </testcase>
    <testcase classname="Constants Environment Variables should return default JWT_SECRET when not set" name="Constants Environment Variables should return default JWT_SECRET when not set" time="0">
    </testcase>
    <testcase classname="Constants APP_CONSTANTS should have correct pagination defaults" name="Constants APP_CONSTANTS should have correct pagination defaults" time="0">
    </testcase>
    <testcase classname="Constants APP_CONSTANTS should have correct password constraints" name="Constants APP_CONSTANTS should have correct password constraints" time="0">
    </testcase>
    <testcase classname="Constants APP_CONSTANTS should have correct file upload constraints" name="Constants APP_CONSTANTS should have correct file upload constraints" time="0.001">
    </testcase>
    <testcase classname="Constants APP_CONSTANTS should have correct cache TTL values" name="Constants APP_CONSTANTS should have correct cache TTL values" time="0">
    </testcase>
    <testcase classname="Constants ERROR_CODES should have all required error codes" name="Constants ERROR_CODES should have all required error codes" time="0">
    </testcase>
    <testcase classname="Constants ERROR_CODES should have authentication error codes" name="Constants ERROR_CODES should have authentication error codes" time="0">
    </testcase>
    <testcase classname="Constants ERROR_CODES should have business logic error codes" name="Constants ERROR_CODES should have business logic error codes" time="0">
    </testcase>
    <testcase classname="Constants HTTP_STATUS_MESSAGES should have correct success status messages" name="Constants HTTP_STATUS_MESSAGES should have correct success status messages" time="0">
    </testcase>
    <testcase classname="Constants HTTP_STATUS_MESSAGES should have correct error status messages" name="Constants HTTP_STATUS_MESSAGES should have correct error status messages" time="0.001">
    </testcase>
  </testsuite>
  <testsuite name="AppController" errors="0" failures="0" skipped="0" timestamp="2025-06-12T16:16:51" time="1.472" tests="3">
    <testcase classname="AppController getHello should return welcome message" name="AppController getHello should return welcome message" time="0.005">
    </testcase>
    <testcase classname="AppController getHealth should return health status object" name="AppController getHealth should return health status object" time="0.002">
    </testcase>
    <testcase classname="AppController getHealth should return correct environment" name="AppController getHealth should return correct environment" time="0.001">
    </testcase>
  </testsuite>
</testsuites>